[2025-02-13 17:54:20.383] [strategy_logger] [info] 数据库连接已关闭
[2025-02-13 17:54:34.114] [strategy_logger] [info] 数据库连接已关闭
[2025-02-13 17:55:26.112] [strategy_logger] [info] 数据库连接已关闭
[2025-02-13 17:57:17.545] [strategy_logger] [info] 数据库连接已关闭
[2025-02-13 17:58:31.694] [strategy_logger] [info] 数据库连接已关闭
[2025-02-13 18:03:21.171] [strategy_logger] [info] 数据库连接已关闭
[2025-02-13 18:04:24.277] [strategy_logger] [info] 数据库连接已关闭
[2025-02-13 18:09:50.184] [strategy_logger] [info] 数据库连接已关闭
[2025-02-13 18:09:57.635] [strategy_logger] [info] 数据库连接已关闭
[2025-02-13 18:11:18.285] [strategy_logger] [info] 数据库连接已关闭
[2025-02-13 18:12:21.169] [strategy_logger] [info] 数据库连接已关闭
[2025-02-13 18:13:28.088] [strategy_logger] [info] 检测到金叉信号 SH600519: 109.75 > 109.01
[2025-02-13 18:13:28.090] [strategy_logger] [info] 数据库连接已关闭
[2025-02-13 18:14:37.569] [strategy_logger] [info] 检测到金叉信号 SH600519: 109.75 > 109.01
[2025-02-13 18:14:37.574] [strategy_logger] [info] 数据库连接已关闭
[2025-02-13 18:14:48.475] [strategy_logger] [warning] 数据不足，需要至少50个价格点
[2025-02-13 18:14:48.476] [strategy_logger] [warning] 数据不足，需要至少50个价格点
[2025-02-13 18:14:48.476] [strategy_logger] [warning] 数据不足，需要至少50个价格点
[2025-02-13 18:14:48.476] [strategy_logger] [warning] 数据不足，需要至少50个价格点
[2025-02-13 18:14:48.476] [strategy_logger] [warning] 数据不足，需要至少50个价格点
[2025-02-13 18:14:48.476] [strategy_logger] [warning] 数据不足，需要至少50个价格点
[2025-02-13 18:14:48.476] [strategy_logger] [warning] 数据不足，需要至少50个价格点
[2025-02-13 18:14:48.476] [strategy_logger] [warning] 数据不足，需要至少50个价格点
[2025-02-13 18:14:48.476] [strategy_logger] [warning] 数据不足，需要至少50个价格点
[2025-02-13 18:14:48.476] [strategy_logger] [warning] 数据不足，需要至少50个价格点
[2025-02-13 18:14:48.476] [strategy_logger] [warning] 数据不足，需要至少50个价格点
[2025-02-13 18:14:48.476] [strategy_logger] [warning] 数据不足，需要至少50个价格点
[2025-02-13 18:14:48.476] [strategy_logger] [warning] 数据不足，需要至少50个价格点
[2025-02-13 18:14:48.476] [strategy_logger] [warning] 数据不足，需要至少50个价格点
[2025-02-13 18:14:48.476] [strategy_logger] [warning] 数据不足，需要至少50个价格点
[2025-02-13 18:14:48.476] [strategy_logger] [warning] 数据不足，需要至少50个价格点
[2025-02-13 18:14:48.476] [strategy_logger] [warning] 数据不足，需要至少50个价格点
[2025-02-13 18:14:48.476] [strategy_logger] [warning] 数据不足，需要至少50个价格点
[2025-02-13 18:14:48.476] [strategy_logger] [warning] 数据不足，需要至少50个价格点
[2025-02-13 18:14:48.476] [strategy_logger] [warning] 数据不足，需要至少50个价格点
[2025-02-13 18:14:48.476] [strategy_logger] [warning] 数据不足，需要至少50个价格点
[2025-02-13 18:14:48.476] [strategy_logger] [warning] 数据不足，需要至少50个价格点
[2025-02-13 18:14:48.476] [strategy_logger] [warning] 数据不足，需要至少50个价格点
[2025-02-13 18:14:48.476] [strategy_logger] [warning] 数据不足，需要至少50个价格点
[2025-02-13 18:14:48.476] [strategy_logger] [warning] 数据不足，需要至少50个价格点
[2025-02-13 18:14:48.476] [strategy_logger] [warning] 数据不足，需要至少50个价格点
[2025-02-13 18:14:48.476] [strategy_logger] [warning] 数据不足，需要至少50个价格点
[2025-02-13 18:14:48.476] [strategy_logger] [warning] 数据不足，需要至少50个价格点
[2025-02-13 18:14:48.476] [strategy_logger] [warning] 数据不足，需要至少50个价格点
[2025-02-13 18:14:48.476] [strategy_logger] [warning] 数据不足，需要至少50个价格点
[2025-02-13 18:14:48.476] [strategy_logger] [warning] 数据不足，需要至少50个价格点
[2025-02-13 18:14:48.476] [strategy_logger] [warning] 数据不足，需要至少50个价格点
[2025-02-13 18:14:48.476] [strategy_logger] [warning] 数据不足，需要至少50个价格点
[2025-02-13 18:14:48.476] [strategy_logger] [warning] 数据不足，需要至少50个价格点
[2025-02-13 18:14:48.476] [strategy_logger] [warning] 数据不足，需要至少50个价格点
[2025-02-13 18:14:48.476] [strategy_logger] [warning] 数据不足，需要至少50个价格点
[2025-02-13 18:14:48.476] [strategy_logger] [warning] 数据不足，需要至少50个价格点
[2025-02-13 18:14:48.476] [strategy_logger] [warning] 数据不足，需要至少50个价格点
[2025-02-13 18:14:48.476] [strategy_logger] [warning] 数据不足，需要至少50个价格点
[2025-02-13 18:14:48.476] [strategy_logger] [warning] 数据不足，需要至少50个价格点
[2025-02-13 18:14:48.476] [strategy_logger] [warning] 数据不足，需要至少50个价格点
[2025-02-13 18:14:48.476] [strategy_logger] [warning] 数据不足，需要至少50个价格点
[2025-02-13 18:14:48.476] [strategy_logger] [warning] 数据不足，需要至少50个价格点
[2025-02-13 18:14:48.476] [strategy_logger] [warning] 数据不足，需要至少50个价格点
[2025-02-13 18:14:48.476] [strategy_logger] [warning] 数据不足，需要至少50个价格点
[2025-02-13 18:14:48.476] [strategy_logger] [warning] 数据不足，需要至少50个价格点
[2025-02-13 18:14:48.476] [strategy_logger] [warning] 数据不足，需要至少50个价格点
[2025-02-13 18:14:48.476] [strategy_logger] [warning] 数据不足，需要至少50个价格点
[2025-02-13 18:14:48.476] [strategy_logger] [warning] 数据不足，需要至少50个价格点
[2025-02-13 18:14:48.476] [strategy_logger] [warning] 数据不足，需要至少50个价格点
[2025-02-13 18:14:48.476] [strategy_logger] [info] 检测到死叉信号 SH600519: 117.75 < 118.14
[2025-02-13 18:14:48.479] [strategy_logger] [info] 检测到金叉信号 SH600519: 109.75 > 109.01
[2025-02-13 18:14:48.480] [strategy_logger] [info] 数据库连接已关闭
[2025-02-13 18:16:40.581] [strategy_logger] [warning] 数据不足，需要至少50个价格点
[2025-02-13 18:16:40.582] [strategy_logger] [warning] 数据不足，需要至少50个价格点
[2025-02-13 18:16:40.582] [strategy_logger] [warning] 数据不足，需要至少50个价格点
[2025-02-13 18:16:40.582] [strategy_logger] [warning] 数据不足，需要至少50个价格点
[2025-02-13 18:16:40.582] [strategy_logger] [warning] 数据不足，需要至少50个价格点
[2025-02-13 18:16:40.582] [strategy_logger] [warning] 数据不足，需要至少50个价格点
[2025-02-13 18:16:40.582] [strategy_logger] [warning] 数据不足，需要至少50个价格点
[2025-02-13 18:16:40.582] [strategy_logger] [warning] 数据不足，需要至少50个价格点
[2025-02-13 18:16:40.582] [strategy_logger] [warning] 数据不足，需要至少50个价格点
[2025-02-13 18:16:40.582] [strategy_logger] [warning] 数据不足，需要至少50个价格点
[2025-02-13 18:16:40.582] [strategy_logger] [warning] 数据不足，需要至少50个价格点
[2025-02-13 18:16:40.582] [strategy_logger] [warning] 数据不足，需要至少50个价格点
[2025-02-13 18:16:40.582] [strategy_logger] [warning] 数据不足，需要至少50个价格点
[2025-02-13 18:16:40.582] [strategy_logger] [warning] 数据不足，需要至少50个价格点
[2025-02-13 18:16:40.582] [strategy_logger] [warning] 数据不足，需要至少50个价格点
[2025-02-13 18:16:40.582] [strategy_logger] [warning] 数据不足，需要至少50个价格点
[2025-02-13 18:16:40.582] [strategy_logger] [warning] 数据不足，需要至少50个价格点
[2025-02-13 18:16:40.582] [strategy_logger] [warning] 数据不足，需要至少50个价格点
[2025-02-13 18:16:40.582] [strategy_logger] [warning] 数据不足，需要至少50个价格点
[2025-02-13 18:16:40.582] [strategy_logger] [warning] 数据不足，需要至少50个价格点
[2025-02-13 18:16:40.582] [strategy_logger] [warning] 数据不足，需要至少50个价格点
[2025-02-13 18:16:40.582] [strategy_logger] [warning] 数据不足，需要至少50个价格点
[2025-02-13 18:16:40.582] [strategy_logger] [warning] 数据不足，需要至少50个价格点
[2025-02-13 18:16:40.582] [strategy_logger] [warning] 数据不足，需要至少50个价格点
[2025-02-13 18:16:40.582] [strategy_logger] [warning] 数据不足，需要至少50个价格点
[2025-02-13 18:16:40.582] [strategy_logger] [warning] 数据不足，需要至少50个价格点
[2025-02-13 18:16:40.582] [strategy_logger] [warning] 数据不足，需要至少50个价格点
[2025-02-13 18:16:40.582] [strategy_logger] [warning] 数据不足，需要至少50个价格点
[2025-02-13 18:16:40.582] [strategy_logger] [warning] 数据不足，需要至少50个价格点
[2025-02-13 18:16:40.582] [strategy_logger] [warning] 数据不足，需要至少50个价格点
[2025-02-13 18:16:40.582] [strategy_logger] [warning] 数据不足，需要至少50个价格点
[2025-02-13 18:16:40.582] [strategy_logger] [warning] 数据不足，需要至少50个价格点
[2025-02-13 18:16:40.582] [strategy_logger] [warning] 数据不足，需要至少50个价格点
[2025-02-13 18:16:40.582] [strategy_logger] [warning] 数据不足，需要至少50个价格点
[2025-02-13 18:16:40.582] [strategy_logger] [warning] 数据不足，需要至少50个价格点
[2025-02-13 18:16:40.582] [strategy_logger] [warning] 数据不足，需要至少50个价格点
[2025-02-13 18:16:40.582] [strategy_logger] [warning] 数据不足，需要至少50个价格点
[2025-02-13 18:16:40.582] [strategy_logger] [warning] 数据不足，需要至少50个价格点
[2025-02-13 18:16:40.582] [strategy_logger] [warning] 数据不足，需要至少50个价格点
[2025-02-13 18:16:40.582] [strategy_logger] [warning] 数据不足，需要至少50个价格点
[2025-02-13 18:16:40.582] [strategy_logger] [warning] 数据不足，需要至少50个价格点
[2025-02-13 18:16:40.582] [strategy_logger] [warning] 数据不足，需要至少50个价格点
[2025-02-13 18:16:40.582] [strategy_logger] [warning] 数据不足，需要至少50个价格点
[2025-02-13 18:16:40.582] [strategy_logger] [warning] 数据不足，需要至少50个价格点
[2025-02-13 18:16:40.582] [strategy_logger] [warning] 数据不足，需要至少50个价格点
[2025-02-13 18:16:40.582] [strategy_logger] [warning] 数据不足，需要至少50个价格点
[2025-02-13 18:16:40.582] [strategy_logger] [warning] 数据不足，需要至少50个价格点
[2025-02-13 18:16:40.582] [strategy_logger] [warning] 数据不足，需要至少50个价格点
[2025-02-13 18:16:40.582] [strategy_logger] [warning] 数据不足，需要至少50个价格点
[2025-02-13 18:16:40.582] [strategy_logger] [warning] 数据不足，需要至少50个价格点
[2025-02-13 18:16:40.582] [strategy_logger] [info] 检测到死叉信号 SH600519: 122.25 < 112.25
[2025-02-13 18:16:40.583] [strategy_logger] [error] 插入信号失败: CHECK constraint failed: signal_type IN ('GOLDEN_CROSS', 'DEATH_CROSS')
[2025-02-13 18:16:40.583] [strategy_logger] [info] 检测到死叉信号 SH600519: 122.70 < 112.74
[2025-02-13 18:16:40.583] [strategy_logger] [error] 插入信号失败: CHECK constraint failed: signal_type IN ('GOLDEN_CROSS', 'DEATH_CROSS')
[2025-02-13 18:16:40.583] [strategy_logger] [info] 检测到死叉信号 SH600519: 123.05 < 113.21
[2025-02-13 18:16:40.583] [strategy_logger] [error] 插入信号失败: CHECK constraint failed: signal_type IN ('GOLDEN_CROSS', 'DEATH_CROSS')
[2025-02-13 18:16:40.583] [strategy_logger] [info] 检测到死叉信号 SH600519: 123.30 < 113.66
[2025-02-13 18:16:40.583] [strategy_logger] [error] 插入信号失败: CHECK constraint failed: signal_type IN ('GOLDEN_CROSS', 'DEATH_CROSS')
[2025-02-13 18:16:40.583] [strategy_logger] [info] 检测到死叉信号 SH600519: 123.45 < 114.09
[2025-02-13 18:16:40.583] [strategy_logger] [error] 插入信号失败: CHECK constraint failed: signal_type IN ('GOLDEN_CROSS', 'DEATH_CROSS')
[2025-02-13 18:16:40.583] [strategy_logger] [info] 检测到死叉信号 SH600519: 123.50 < 114.50
[2025-02-13 18:16:40.583] [strategy_logger] [error] 插入信号失败: CHECK constraint failed: signal_type IN ('GOLDEN_CROSS', 'DEATH_CROSS')
[2025-02-13 18:16:40.583] [strategy_logger] [info] 检测到死叉信号 SH600519: 123.45 < 114.89
[2025-02-13 18:16:40.583] [strategy_logger] [error] 插入信号失败: CHECK constraint failed: signal_type IN ('GOLDEN_CROSS', 'DEATH_CROSS')
[2025-02-13 18:16:40.583] [strategy_logger] [info] 检测到死叉信号 SH600519: 123.30 < 115.26
[2025-02-13 18:16:40.583] [strategy_logger] [error] 插入信号失败: CHECK constraint failed: signal_type IN ('GOLDEN_CROSS', 'DEATH_CROSS')
[2025-02-13 18:16:40.583] [strategy_logger] [info] 检测到死叉信号 SH600519: 123.05 < 115.61
[2025-02-13 18:16:40.583] [strategy_logger] [error] 插入信号失败: CHECK constraint failed: signal_type IN ('GOLDEN_CROSS', 'DEATH_CROSS')
[2025-02-13 18:16:40.583] [strategy_logger] [info] 检测到死叉信号 SH600519: 122.70 < 115.94
[2025-02-13 18:16:40.583] [strategy_logger] [error] 插入信号失败: CHECK constraint failed: signal_type IN ('GOLDEN_CROSS', 'DEATH_CROSS')
[2025-02-13 18:16:40.583] [strategy_logger] [info] 检测到死叉信号 SH600519: 122.25 < 116.25
[2025-02-13 18:16:40.583] [strategy_logger] [error] 插入信号失败: CHECK constraint failed: signal_type IN ('GOLDEN_CROSS', 'DEATH_CROSS')
[2025-02-13 18:16:40.583] [strategy_logger] [info] 检测到死叉信号 SH600519: 121.75 < 116.54
[2025-02-13 18:16:40.583] [strategy_logger] [error] 插入信号失败: CHECK constraint failed: signal_type IN ('GOLDEN_CROSS', 'DEATH_CROSS')
[2025-02-13 18:16:40.583] [strategy_logger] [info] 检测到死叉信号 SH600519: 121.25 < 116.81
[2025-02-13 18:16:40.583] [strategy_logger] [error] 插入信号失败: CHECK constraint failed: signal_type IN ('GOLDEN_CROSS', 'DEATH_CROSS')
[2025-02-13 18:16:40.583] [strategy_logger] [info] 检测到死叉信号 SH600519: 120.75 < 117.06
[2025-02-13 18:16:40.583] [strategy_logger] [error] 插入信号失败: CHECK constraint failed: signal_type IN ('GOLDEN_CROSS', 'DEATH_CROSS')
[2025-02-13 18:16:40.583] [strategy_logger] [info] 检测到死叉信号 SH600519: 120.25 < 117.29
[2025-02-13 18:16:40.583] [strategy_logger] [error] 插入信号失败: CHECK constraint failed: signal_type IN ('GOLDEN_CROSS', 'DEATH_CROSS')
[2025-02-13 18:16:40.583] [strategy_logger] [info] 检测到死叉信号 SH600519: 119.75 < 117.50
[2025-02-13 18:16:40.584] [strategy_logger] [error] 插入信号失败: CHECK constraint failed: signal_type IN ('GOLDEN_CROSS', 'DEATH_CROSS')
[2025-02-13 18:16:40.584] [strategy_logger] [info] 检测到死叉信号 SH600519: 119.25 < 117.69
[2025-02-13 18:16:40.584] [strategy_logger] [error] 插入信号失败: CHECK constraint failed: signal_type IN ('GOLDEN_CROSS', 'DEATH_CROSS')
[2025-02-13 18:16:40.584] [strategy_logger] [info] 检测到死叉信号 SH600519: 118.75 < 117.86
[2025-02-13 18:16:40.584] [strategy_logger] [error] 插入信号失败: CHECK constraint failed: signal_type IN ('GOLDEN_CROSS', 'DEATH_CROSS')
[2025-02-13 18:16:40.584] [strategy_logger] [info] 检测到死叉信号 SH600519: 118.25 < 118.01
[2025-02-13 18:16:40.584] [strategy_logger] [error] 插入信号失败: CHECK constraint failed: signal_type IN ('GOLDEN_CROSS', 'DEATH_CROSS')
[2025-02-13 18:16:40.584] [strategy_logger] [info] 检测到死叉信号 SH600519: 117.75 < 118.14
[2025-02-13 18:16:40.585] [strategy_logger] [info] 检测到金叉信号 SH600519: 109.75 > 109.01
[2025-02-13 18:16:40.587] [strategy_logger] [info] 检测到死叉信号 SH600519: 111.25 < 109.00
[2025-02-13 18:16:40.587] [strategy_logger] [error] 插入信号失败: CHECK constraint failed: signal_type IN ('GOLDEN_CROSS', 'DEATH_CROSS')
[2025-02-13 18:16:40.587] [strategy_logger] [info] 检测到死叉信号 SH600519: 112.75 < 109.03
[2025-02-13 18:16:40.587] [strategy_logger] [error] 插入信号失败: CHECK constraint failed: signal_type IN ('GOLDEN_CROSS', 'DEATH_CROSS')
[2025-02-13 18:16:40.587] [strategy_logger] [info] 检测到死叉信号 SH600519: 114.25 < 109.10
[2025-02-13 18:16:40.587] [strategy_logger] [error] 插入信号失败: CHECK constraint failed: signal_type IN ('GOLDEN_CROSS', 'DEATH_CROSS')
[2025-02-13 18:16:40.587] [strategy_logger] [info] 检测到死叉信号 SH600519: 115.75 < 109.21
[2025-02-13 18:16:40.587] [strategy_logger] [error] 插入信号失败: CHECK constraint failed: signal_type IN ('GOLDEN_CROSS', 'DEATH_CROSS')
[2025-02-13 18:16:40.587] [strategy_logger] [info] 检测到死叉信号 SH600519: 117.25 < 109.36
[2025-02-13 18:16:40.587] [strategy_logger] [error] 插入信号失败: CHECK constraint failed: signal_type IN ('GOLDEN_CROSS', 'DEATH_CROSS')
[2025-02-13 18:16:40.587] [strategy_logger] [info] 检测到死叉信号 SH600519: 118.75 < 109.55
[2025-02-13 18:16:40.587] [strategy_logger] [error] 插入信号失败: CHECK constraint failed: signal_type IN ('GOLDEN_CROSS', 'DEATH_CROSS')
[2025-02-13 18:16:40.587] [strategy_logger] [info] 检测到死叉信号 SH600519: 120.25 < 109.78
[2025-02-13 18:16:40.587] [strategy_logger] [error] 插入信号失败: CHECK constraint failed: signal_type IN ('GOLDEN_CROSS', 'DEATH_CROSS')
[2025-02-13 18:16:40.587] [strategy_logger] [info] 检测到死叉信号 SH600519: 121.75 < 110.05
[2025-02-13 18:16:40.587] [strategy_logger] [error] 插入信号失败: CHECK constraint failed: signal_type IN ('GOLDEN_CROSS', 'DEATH_CROSS')
[2025-02-13 18:16:40.587] [strategy_logger] [info] 检测到死叉信号 SH600519: 123.25 < 110.36
[2025-02-13 18:16:40.587] [strategy_logger] [error] 插入信号失败: CHECK constraint failed: signal_type IN ('GOLDEN_CROSS', 'DEATH_CROSS')
[2025-02-13 18:16:40.587] [strategy_logger] [info] 检测到死叉信号 SH600519: 124.75 < 110.71
[2025-02-13 18:16:40.587] [strategy_logger] [error] 插入信号失败: CHECK constraint failed: signal_type IN ('GOLDEN_CROSS', 'DEATH_CROSS')
[2025-02-13 18:16:40.587] [strategy_logger] [info] 检测到死叉信号 SH600519: 126.25 < 111.10
[2025-02-13 18:16:40.587] [strategy_logger] [error] 插入信号失败: CHECK constraint failed: signal_type IN ('GOLDEN_CROSS', 'DEATH_CROSS')
[2025-02-13 18:16:40.587] [strategy_logger] [info] 检测到死叉信号 SH600519: 127.75 < 111.53
[2025-02-13 18:16:40.587] [strategy_logger] [error] 插入信号失败: CHECK constraint failed: signal_type IN ('GOLDEN_CROSS', 'DEATH_CROSS')
[2025-02-13 18:16:40.588] [strategy_logger] [info] 检测到死叉信号 SH600519: 129.25 < 112.00
[2025-02-13 18:16:40.588] [strategy_logger] [error] 插入信号失败: CHECK constraint failed: signal_type IN ('GOLDEN_CROSS', 'DEATH_CROSS')
[2025-02-13 18:16:40.588] [strategy_logger] [info] 检测到死叉信号 SH600519: 130.75 < 112.51
[2025-02-13 18:16:40.588] [strategy_logger] [error] 插入信号失败: CHECK constraint failed: signal_type IN ('GOLDEN_CROSS', 'DEATH_CROSS')
[2025-02-13 18:16:40.588] [strategy_logger] [info] 检测到死叉信号 SH600519: 132.25 < 113.06
[2025-02-13 18:16:40.588] [strategy_logger] [error] 插入信号失败: CHECK constraint failed: signal_type IN ('GOLDEN_CROSS', 'DEATH_CROSS')
[2025-02-13 18:16:40.588] [strategy_logger] [info] 检测到死叉信号 SH600519: 133.75 < 113.65
[2025-02-13 18:16:40.588] [strategy_logger] [error] 插入信号失败: CHECK constraint failed: signal_type IN ('GOLDEN_CROSS', 'DEATH_CROSS')
[2025-02-13 18:16:40.588] [strategy_logger] [info] 检测到死叉信号 SH600519: 135.25 < 114.28
[2025-02-13 18:16:40.588] [strategy_logger] [error] 插入信号失败: CHECK constraint failed: signal_type IN ('GOLDEN_CROSS', 'DEATH_CROSS')
[2025-02-13 18:16:40.588] [strategy_logger] [info] 检测到死叉信号 SH600519: 136.75 < 114.95
[2025-02-13 18:16:40.588] [strategy_logger] [error] 插入信号失败: CHECK constraint failed: signal_type IN ('GOLDEN_CROSS', 'DEATH_CROSS')
[2025-02-13 18:16:40.588] [strategy_logger] [info] 检测到死叉信号 SH600519: 138.25 < 115.66
[2025-02-13 18:16:40.588] [strategy_logger] [error] 插入信号失败: CHECK constraint failed: signal_type IN ('GOLDEN_CROSS', 'DEATH_CROSS')
[2025-02-13 18:16:40.588] [strategy_logger] [info] 检测到死叉信号 SH600519: 139.75 < 116.41
[2025-02-13 18:16:40.588] [strategy_logger] [error] 插入信号失败: CHECK constraint failed: signal_type IN ('GOLDEN_CROSS', 'DEATH_CROSS')
[2025-02-13 18:16:40.588] [strategy_logger] [info] 检测到死叉信号 SH600519: 141.25 < 117.20
[2025-02-13 18:16:40.588] [strategy_logger] [error] 插入信号失败: CHECK constraint failed: signal_type IN ('GOLDEN_CROSS', 'DEATH_CROSS')
[2025-02-13 18:16:40.588] [strategy_logger] [info] 检测到死叉信号 SH600519: 142.75 < 118.03
[2025-02-13 18:16:40.588] [strategy_logger] [error] 插入信号失败: CHECK constraint failed: signal_type IN ('GOLDEN_CROSS', 'DEATH_CROSS')
[2025-02-13 18:16:40.588] [strategy_logger] [info] 检测到死叉信号 SH600519: 144.25 < 118.90
[2025-02-13 18:16:40.588] [strategy_logger] [error] 插入信号失败: CHECK constraint failed: signal_type IN ('GOLDEN_CROSS', 'DEATH_CROSS')
[2025-02-13 18:16:40.588] [strategy_logger] [info] 检测到死叉信号 SH600519: 145.75 < 119.81
[2025-02-13 18:16:40.588] [strategy_logger] [error] 插入信号失败: CHECK constraint failed: signal_type IN ('GOLDEN_CROSS', 'DEATH_CROSS')
[2025-02-13 18:16:40.588] [strategy_logger] [info] 检测到死叉信号 SH600519: 147.25 < 120.76
[2025-02-13 18:16:40.588] [strategy_logger] [error] 插入信号失败: CHECK constraint failed: signal_type IN ('GOLDEN_CROSS', 'DEATH_CROSS')
[2025-02-13 18:16:40.588] [strategy_logger] [info] 检测到死叉信号 SH600519: 148.75 < 121.75
[2025-02-13 18:16:40.588] [strategy_logger] [error] 插入信号失败: CHECK constraint failed: signal_type IN ('GOLDEN_CROSS', 'DEATH_CROSS')
[2025-02-13 18:16:40.588] [strategy_logger] [info] 检测到死叉信号 SH600519: 150.25 < 122.78
[2025-02-13 18:16:40.588] [strategy_logger] [error] 插入信号失败: CHECK constraint failed: signal_type IN ('GOLDEN_CROSS', 'DEATH_CROSS')
[2025-02-13 18:16:40.589] [strategy_logger] [info] 检测到死叉信号 SH600519: 151.75 < 123.85
[2025-02-13 18:16:40.589] [strategy_logger] [error] 插入信号失败: CHECK constraint failed: signal_type IN ('GOLDEN_CROSS', 'DEATH_CROSS')
[2025-02-13 18:16:40.589] [strategy_logger] [info] 检测到死叉信号 SH600519: 153.25 < 124.96
[2025-02-13 18:16:40.589] [strategy_logger] [error] 插入信号失败: CHECK constraint failed: signal_type IN ('GOLDEN_CROSS', 'DEATH_CROSS')
[2025-02-13 18:16:40.589] [strategy_logger] [info] 检测到死叉信号 SH600519: 154.75 < 126.11
[2025-02-13 18:16:40.589] [strategy_logger] [error] 插入信号失败: CHECK constraint failed: signal_type IN ('GOLDEN_CROSS', 'DEATH_CROSS')
[2025-02-13 18:16:40.589] [strategy_logger] [info] 检测到死叉信号 SH600519: 156.25 < 127.30
[2025-02-13 18:16:40.589] [strategy_logger] [error] 插入信号失败: CHECK constraint failed: signal_type IN ('GOLDEN_CROSS', 'DEATH_CROSS')
[2025-02-13 18:16:40.589] [strategy_logger] [info] 检测到死叉信号 SH600519: 157.75 < 128.53
[2025-02-13 18:16:40.589] [strategy_logger] [error] 插入信号失败: CHECK constraint failed: signal_type IN ('GOLDEN_CROSS', 'DEATH_CROSS')
[2025-02-13 18:16:40.589] [strategy_logger] [info] 检测到死叉信号 SH600519: 159.25 < 129.80
[2025-02-13 18:16:40.589] [strategy_logger] [error] 插入信号失败: CHECK constraint failed: signal_type IN ('GOLDEN_CROSS', 'DEATH_CROSS')
[2025-02-13 18:16:40.589] [strategy_logger] [info] 检测到死叉信号 SH600519: 160.75 < 131.11
[2025-02-13 18:16:40.589] [strategy_logger] [error] 插入信号失败: CHECK constraint failed: signal_type IN ('GOLDEN_CROSS', 'DEATH_CROSS')
[2025-02-13 18:16:40.589] [strategy_logger] [info] 检测到死叉信号 SH600519: 162.25 < 132.46
[2025-02-13 18:16:40.589] [strategy_logger] [error] 插入信号失败: CHECK constraint failed: signal_type IN ('GOLDEN_CROSS', 'DEATH_CROSS')
[2025-02-13 18:16:40.589] [strategy_logger] [info] 检测到死叉信号 SH600519: 163.75 < 133.85
[2025-02-13 18:16:40.589] [strategy_logger] [error] 插入信号失败: CHECK constraint failed: signal_type IN ('GOLDEN_CROSS', 'DEATH_CROSS')
[2025-02-13 18:16:40.589] [strategy_logger] [info] 检测到死叉信号 SH600519: 165.25 < 135.28
[2025-02-13 18:16:40.589] [strategy_logger] [error] 插入信号失败: CHECK constraint failed: signal_type IN ('GOLDEN_CROSS', 'DEATH_CROSS')
[2025-02-13 18:16:40.590] [strategy_logger] [info] 数据库连接已关闭
[2025-02-13 18:19:07.259] [strategy_logger] [warning] 数据不足，需要至少50个价格点
[2025-02-13 18:19:07.261] [strategy_logger] [warning] 数据不足，需要至少50个价格点
[2025-02-13 18:19:07.261] [strategy_logger] [warning] 数据不足，需要至少50个价格点
[2025-02-13 18:19:07.261] [strategy_logger] [warning] 数据不足，需要至少50个价格点
[2025-02-13 18:19:07.261] [strategy_logger] [warning] 数据不足，需要至少50个价格点
[2025-02-13 18:19:07.261] [strategy_logger] [warning] 数据不足，需要至少50个价格点
[2025-02-13 18:19:07.261] [strategy_logger] [warning] 数据不足，需要至少50个价格点
[2025-02-13 18:19:07.261] [strategy_logger] [warning] 数据不足，需要至少50个价格点
[2025-02-13 18:19:07.261] [strategy_logger] [warning] 数据不足，需要至少50个价格点
[2025-02-13 18:19:07.261] [strategy_logger] [warning] 数据不足，需要至少50个价格点
[2025-02-13 18:19:07.261] [strategy_logger] [warning] 数据不足，需要至少50个价格点
[2025-02-13 18:19:07.261] [strategy_logger] [warning] 数据不足，需要至少50个价格点
[2025-02-13 18:19:07.261] [strategy_logger] [warning] 数据不足，需要至少50个价格点
[2025-02-13 18:19:07.261] [strategy_logger] [warning] 数据不足，需要至少50个价格点
[2025-02-13 18:19:07.261] [strategy_logger] [warning] 数据不足，需要至少50个价格点
[2025-02-13 18:19:07.261] [strategy_logger] [warning] 数据不足，需要至少50个价格点
[2025-02-13 18:19:07.261] [strategy_logger] [warning] 数据不足，需要至少50个价格点
[2025-02-13 18:19:07.261] [strategy_logger] [warning] 数据不足，需要至少50个价格点
[2025-02-13 18:19:07.261] [strategy_logger] [warning] 数据不足，需要至少50个价格点
[2025-02-13 18:19:07.261] [strategy_logger] [warning] 数据不足，需要至少50个价格点
[2025-02-13 18:19:07.261] [strategy_logger] [warning] 数据不足，需要至少50个价格点
[2025-02-13 18:19:07.261] [strategy_logger] [warning] 数据不足，需要至少50个价格点
[2025-02-13 18:19:07.261] [strategy_logger] [warning] 数据不足，需要至少50个价格点
[2025-02-13 18:19:07.261] [strategy_logger] [warning] 数据不足，需要至少50个价格点
[2025-02-13 18:19:07.261] [strategy_logger] [warning] 数据不足，需要至少50个价格点
[2025-02-13 18:19:07.261] [strategy_logger] [warning] 数据不足，需要至少50个价格点
[2025-02-13 18:19:07.261] [strategy_logger] [warning] 数据不足，需要至少50个价格点
[2025-02-13 18:19:07.261] [strategy_logger] [warning] 数据不足，需要至少50个价格点
[2025-02-13 18:19:07.261] [strategy_logger] [warning] 数据不足，需要至少50个价格点
[2025-02-13 18:19:07.261] [strategy_logger] [warning] 数据不足，需要至少50个价格点
[2025-02-13 18:19:07.261] [strategy_logger] [warning] 数据不足，需要至少50个价格点
[2025-02-13 18:19:07.261] [strategy_logger] [warning] 数据不足，需要至少50个价格点
[2025-02-13 18:19:07.261] [strategy_logger] [warning] 数据不足，需要至少50个价格点
[2025-02-13 18:19:07.261] [strategy_logger] [warning] 数据不足，需要至少50个价格点
[2025-02-13 18:19:07.261] [strategy_logger] [warning] 数据不足，需要至少50个价格点
[2025-02-13 18:19:07.261] [strategy_logger] [warning] 数据不足，需要至少50个价格点
[2025-02-13 18:19:07.261] [strategy_logger] [warning] 数据不足，需要至少50个价格点
[2025-02-13 18:19:07.261] [strategy_logger] [warning] 数据不足，需要至少50个价格点
[2025-02-13 18:19:07.261] [strategy_logger] [warning] 数据不足，需要至少50个价格点
[2025-02-13 18:19:07.261] [strategy_logger] [warning] 数据不足，需要至少50个价格点
[2025-02-13 18:19:07.261] [strategy_logger] [warning] 数据不足，需要至少50个价格点
[2025-02-13 18:19:07.261] [strategy_logger] [warning] 数据不足，需要至少50个价格点
[2025-02-13 18:19:07.261] [strategy_logger] [warning] 数据不足，需要至少50个价格点
[2025-02-13 18:19:07.261] [strategy_logger] [warning] 数据不足，需要至少50个价格点
[2025-02-13 18:19:07.261] [strategy_logger] [warning] 数据不足，需要至少50个价格点
[2025-02-13 18:19:07.261] [strategy_logger] [warning] 数据不足，需要至少50个价格点
[2025-02-13 18:19:07.261] [strategy_logger] [warning] 数据不足，需要至少50个价格点
[2025-02-13 18:19:07.261] [strategy_logger] [warning] 数据不足，需要至少50个价格点
[2025-02-13 18:19:07.261] [strategy_logger] [warning] 数据不足，需要至少50个价格点
[2025-02-13 18:19:07.261] [strategy_logger] [warning] 数据不足，需要至少50个价格点
[2025-02-13 18:19:07.261] [strategy_logger] [info] 检测到量价齐升 SH600519: 122.25 < 112.25
[2025-02-13 18:19:07.261] [strategy_logger] [error] 插入信号失败: CHECK constraint failed: signal_type IN ('GOLDEN_CROSS', 'DEATH_CROSS')
[2025-02-13 18:19:07.261] [strategy_logger] [info] 检测到量价齐升 SH600519: 122.70 < 112.74
[2025-02-13 18:19:07.261] [strategy_logger] [error] 插入信号失败: CHECK constraint failed: signal_type IN ('GOLDEN_CROSS', 'DEATH_CROSS')
[2025-02-13 18:19:07.261] [strategy_logger] [info] 检测到量价齐升 SH600519: 123.05 < 113.21
[2025-02-13 18:19:07.261] [strategy_logger] [error] 插入信号失败: CHECK constraint failed: signal_type IN ('GOLDEN_CROSS', 'DEATH_CROSS')
[2025-02-13 18:19:07.261] [strategy_logger] [info] 检测到量价齐升 SH600519: 123.30 < 113.66
[2025-02-13 18:19:07.261] [strategy_logger] [error] 插入信号失败: CHECK constraint failed: signal_type IN ('GOLDEN_CROSS', 'DEATH_CROSS')
[2025-02-13 18:19:07.261] [strategy_logger] [info] 检测到量价齐升 SH600519: 123.45 < 114.09
[2025-02-13 18:19:07.261] [strategy_logger] [error] 插入信号失败: CHECK constraint failed: signal_type IN ('GOLDEN_CROSS', 'DEATH_CROSS')
[2025-02-13 18:19:07.261] [strategy_logger] [info] 检测到量价齐升 SH600519: 123.50 < 114.50
[2025-02-13 18:19:07.261] [strategy_logger] [error] 插入信号失败: CHECK constraint failed: signal_type IN ('GOLDEN_CROSS', 'DEATH_CROSS')
[2025-02-13 18:19:07.261] [strategy_logger] [info] 检测到量价齐升 SH600519: 123.45 < 114.89
[2025-02-13 18:19:07.261] [strategy_logger] [error] 插入信号失败: CHECK constraint failed: signal_type IN ('GOLDEN_CROSS', 'DEATH_CROSS')
[2025-02-13 18:19:07.261] [strategy_logger] [info] 检测到量价齐升 SH600519: 123.30 < 115.26
[2025-02-13 18:19:07.262] [strategy_logger] [error] 插入信号失败: CHECK constraint failed: signal_type IN ('GOLDEN_CROSS', 'DEATH_CROSS')
[2025-02-13 18:19:07.262] [strategy_logger] [info] 检测到量价齐升 SH600519: 123.05 < 115.61
[2025-02-13 18:19:07.262] [strategy_logger] [error] 插入信号失败: CHECK constraint failed: signal_type IN ('GOLDEN_CROSS', 'DEATH_CROSS')
[2025-02-13 18:19:07.262] [strategy_logger] [info] 检测到量价齐升 SH600519: 122.70 < 115.94
[2025-02-13 18:19:07.262] [strategy_logger] [error] 插入信号失败: CHECK constraint failed: signal_type IN ('GOLDEN_CROSS', 'DEATH_CROSS')
[2025-02-13 18:19:07.262] [strategy_logger] [info] 检测到量价齐升 SH600519: 122.25 < 116.25
[2025-02-13 18:19:07.262] [strategy_logger] [error] 插入信号失败: CHECK constraint failed: signal_type IN ('GOLDEN_CROSS', 'DEATH_CROSS')
[2025-02-13 18:19:07.262] [strategy_logger] [info] 检测到量价齐升 SH600519: 121.75 < 116.54
[2025-02-13 18:19:07.262] [strategy_logger] [error] 插入信号失败: CHECK constraint failed: signal_type IN ('GOLDEN_CROSS', 'DEATH_CROSS')
[2025-02-13 18:19:07.262] [strategy_logger] [info] 检测到量价齐升 SH600519: 121.25 < 116.81
[2025-02-13 18:19:07.262] [strategy_logger] [error] 插入信号失败: CHECK constraint failed: signal_type IN ('GOLDEN_CROSS', 'DEATH_CROSS')
[2025-02-13 18:19:07.262] [strategy_logger] [info] 检测到量价齐升 SH600519: 120.75 < 117.06
[2025-02-13 18:19:07.262] [strategy_logger] [error] 插入信号失败: CHECK constraint failed: signal_type IN ('GOLDEN_CROSS', 'DEATH_CROSS')
[2025-02-13 18:19:07.262] [strategy_logger] [info] 检测到量价齐升 SH600519: 120.25 < 117.29
[2025-02-13 18:19:07.262] [strategy_logger] [error] 插入信号失败: CHECK constraint failed: signal_type IN ('GOLDEN_CROSS', 'DEATH_CROSS')
[2025-02-13 18:19:07.262] [strategy_logger] [info] 检测到量价齐升 SH600519: 119.75 < 117.50
[2025-02-13 18:19:07.262] [strategy_logger] [error] 插入信号失败: CHECK constraint failed: signal_type IN ('GOLDEN_CROSS', 'DEATH_CROSS')
[2025-02-13 18:19:07.262] [strategy_logger] [info] 检测到量价齐升 SH600519: 119.25 < 117.69
[2025-02-13 18:19:07.262] [strategy_logger] [error] 插入信号失败: CHECK constraint failed: signal_type IN ('GOLDEN_CROSS', 'DEATH_CROSS')
[2025-02-13 18:19:07.262] [strategy_logger] [info] 检测到量价齐升 SH600519: 118.75 < 117.86
[2025-02-13 18:19:07.262] [strategy_logger] [error] 插入信号失败: CHECK constraint failed: signal_type IN ('GOLDEN_CROSS', 'DEATH_CROSS')
[2025-02-13 18:19:07.262] [strategy_logger] [info] 检测到量价齐升 SH600519: 118.25 < 118.01
[2025-02-13 18:19:07.262] [strategy_logger] [error] 插入信号失败: CHECK constraint failed: signal_type IN ('GOLDEN_CROSS', 'DEATH_CROSS')
[2025-02-13 18:19:07.262] [strategy_logger] [info] 检测到死叉信号 SH600519: 117.75 < 118.14
[2025-02-13 18:19:07.264] [strategy_logger] [info] 检测到金叉信号 SH600519: 109.75 > 109.01
[2025-02-13 18:19:07.264] [strategy_logger] [info] 检测到量价齐升 SH600519: 111.25 < 109.00
[2025-02-13 18:19:07.265] [strategy_logger] [error] 插入信号失败: CHECK constraint failed: signal_type IN ('GOLDEN_CROSS', 'DEATH_CROSS')
[2025-02-13 18:19:07.265] [strategy_logger] [info] 检测到量价齐升 SH600519: 112.75 < 109.03
[2025-02-13 18:19:07.265] [strategy_logger] [error] 插入信号失败: CHECK constraint failed: signal_type IN ('GOLDEN_CROSS', 'DEATH_CROSS')
[2025-02-13 18:19:07.265] [strategy_logger] [info] 检测到量价齐升 SH600519: 114.25 < 109.10
[2025-02-13 18:19:07.265] [strategy_logger] [error] 插入信号失败: CHECK constraint failed: signal_type IN ('GOLDEN_CROSS', 'DEATH_CROSS')
[2025-02-13 18:19:07.265] [strategy_logger] [info] 检测到量价齐升 SH600519: 115.75 < 109.21
[2025-02-13 18:19:07.265] [strategy_logger] [error] 插入信号失败: CHECK constraint failed: signal_type IN ('GOLDEN_CROSS', 'DEATH_CROSS')
[2025-02-13 18:19:07.265] [strategy_logger] [info] 检测到量价齐升 SH600519: 117.25 < 109.36
[2025-02-13 18:19:07.265] [strategy_logger] [error] 插入信号失败: CHECK constraint failed: signal_type IN ('GOLDEN_CROSS', 'DEATH_CROSS')
[2025-02-13 18:19:07.265] [strategy_logger] [info] 检测到量价齐升 SH600519: 118.75 < 109.55
[2025-02-13 18:19:07.265] [strategy_logger] [error] 插入信号失败: CHECK constraint failed: signal_type IN ('GOLDEN_CROSS', 'DEATH_CROSS')
[2025-02-13 18:19:07.265] [strategy_logger] [info] 检测到量价齐升 SH600519: 120.25 < 109.78
[2025-02-13 18:19:07.265] [strategy_logger] [error] 插入信号失败: CHECK constraint failed: signal_type IN ('GOLDEN_CROSS', 'DEATH_CROSS')
[2025-02-13 18:19:07.265] [strategy_logger] [info] 检测到量价齐升 SH600519: 121.75 < 110.05
[2025-02-13 18:19:07.265] [strategy_logger] [error] 插入信号失败: CHECK constraint failed: signal_type IN ('GOLDEN_CROSS', 'DEATH_CROSS')
[2025-02-13 18:19:07.265] [strategy_logger] [info] 检测到量价齐升 SH600519: 123.25 < 110.36
[2025-02-13 18:19:07.265] [strategy_logger] [error] 插入信号失败: CHECK constraint failed: signal_type IN ('GOLDEN_CROSS', 'DEATH_CROSS')
[2025-02-13 18:19:07.265] [strategy_logger] [info] 检测到量价齐升 SH600519: 124.75 < 110.71
[2025-02-13 18:19:07.265] [strategy_logger] [error] 插入信号失败: CHECK constraint failed: signal_type IN ('GOLDEN_CROSS', 'DEATH_CROSS')
[2025-02-13 18:19:07.265] [strategy_logger] [info] 检测到量价齐升 SH600519: 126.25 < 111.10
[2025-02-13 18:19:07.265] [strategy_logger] [error] 插入信号失败: CHECK constraint failed: signal_type IN ('GOLDEN_CROSS', 'DEATH_CROSS')
[2025-02-13 18:19:07.265] [strategy_logger] [info] 检测到量价齐升 SH600519: 127.75 < 111.53
[2025-02-13 18:19:07.265] [strategy_logger] [error] 插入信号失败: CHECK constraint failed: signal_type IN ('GOLDEN_CROSS', 'DEATH_CROSS')
[2025-02-13 18:19:07.265] [strategy_logger] [info] 检测到量价齐升 SH600519: 129.25 < 112.00
[2025-02-13 18:19:07.265] [strategy_logger] [error] 插入信号失败: CHECK constraint failed: signal_type IN ('GOLDEN_CROSS', 'DEATH_CROSS')
[2025-02-13 18:19:07.265] [strategy_logger] [info] 检测到量价齐升 SH600519: 130.75 < 112.51
[2025-02-13 18:19:07.265] [strategy_logger] [error] 插入信号失败: CHECK constraint failed: signal_type IN ('GOLDEN_CROSS', 'DEATH_CROSS')
[2025-02-13 18:19:07.265] [strategy_logger] [info] 检测到量价齐升 SH600519: 132.25 < 113.06
[2025-02-13 18:19:07.265] [strategy_logger] [error] 插入信号失败: CHECK constraint failed: signal_type IN ('GOLDEN_CROSS', 'DEATH_CROSS')
[2025-02-13 18:19:07.265] [strategy_logger] [info] 检测到量价齐升 SH600519: 133.75 < 113.65
[2025-02-13 18:19:07.265] [strategy_logger] [error] 插入信号失败: CHECK constraint failed: signal_type IN ('GOLDEN_CROSS', 'DEATH_CROSS')
[2025-02-13 18:19:07.265] [strategy_logger] [info] 检测到量价齐升 SH600519: 135.25 < 114.28
[2025-02-13 18:19:07.265] [strategy_logger] [error] 插入信号失败: CHECK constraint failed: signal_type IN ('GOLDEN_CROSS', 'DEATH_CROSS')
[2025-02-13 18:19:07.265] [strategy_logger] [info] 检测到量价齐升 SH600519: 136.75 < 114.95
[2025-02-13 18:19:07.265] [strategy_logger] [error] 插入信号失败: CHECK constraint failed: signal_type IN ('GOLDEN_CROSS', 'DEATH_CROSS')
[2025-02-13 18:19:07.265] [strategy_logger] [info] 检测到量价齐升 SH600519: 138.25 < 115.66
[2025-02-13 18:19:07.265] [strategy_logger] [error] 插入信号失败: CHECK constraint failed: signal_type IN ('GOLDEN_CROSS', 'DEATH_CROSS')
[2025-02-13 18:19:07.265] [strategy_logger] [info] 检测到量价齐升 SH600519: 139.75 < 116.41
[2025-02-13 18:19:07.265] [strategy_logger] [error] 插入信号失败: CHECK constraint failed: signal_type IN ('GOLDEN_CROSS', 'DEATH_CROSS')
[2025-02-13 18:19:07.265] [strategy_logger] [info] 检测到量价齐升 SH600519: 141.25 < 117.20
[2025-02-13 18:19:07.265] [strategy_logger] [error] 插入信号失败: CHECK constraint failed: signal_type IN ('GOLDEN_CROSS', 'DEATH_CROSS')
[2025-02-13 18:19:07.265] [strategy_logger] [info] 检测到量价齐升 SH600519: 142.75 < 118.03
[2025-02-13 18:19:07.265] [strategy_logger] [error] 插入信号失败: CHECK constraint failed: signal_type IN ('GOLDEN_CROSS', 'DEATH_CROSS')
[2025-02-13 18:19:07.265] [strategy_logger] [info] 检测到量价齐升 SH600519: 144.25 < 118.90
[2025-02-13 18:19:07.265] [strategy_logger] [error] 插入信号失败: CHECK constraint failed: signal_type IN ('GOLDEN_CROSS', 'DEATH_CROSS')
[2025-02-13 18:19:07.265] [strategy_logger] [info] 检测到量价齐升 SH600519: 145.75 < 119.81
[2025-02-13 18:19:07.265] [strategy_logger] [error] 插入信号失败: CHECK constraint failed: signal_type IN ('GOLDEN_CROSS', 'DEATH_CROSS')
[2025-02-13 18:19:07.265] [strategy_logger] [info] 检测到量价齐升 SH600519: 147.25 < 120.76
[2025-02-13 18:19:07.265] [strategy_logger] [error] 插入信号失败: CHECK constraint failed: signal_type IN ('GOLDEN_CROSS', 'DEATH_CROSS')
[2025-02-13 18:19:07.265] [strategy_logger] [info] 检测到量价齐升 SH600519: 148.75 < 121.75
[2025-02-13 18:19:07.265] [strategy_logger] [error] 插入信号失败: CHECK constraint failed: signal_type IN ('GOLDEN_CROSS', 'DEATH_CROSS')
[2025-02-13 18:19:07.265] [strategy_logger] [info] 检测到量价齐升 SH600519: 150.25 < 122.78
[2025-02-13 18:19:07.265] [strategy_logger] [error] 插入信号失败: CHECK constraint failed: signal_type IN ('GOLDEN_CROSS', 'DEATH_CROSS')
[2025-02-13 18:19:07.265] [strategy_logger] [info] 检测到量价齐升 SH600519: 151.75 < 123.85
[2025-02-13 18:19:07.265] [strategy_logger] [error] 插入信号失败: CHECK constraint failed: signal_type IN ('GOLDEN_CROSS', 'DEATH_CROSS')
[2025-02-13 18:19:07.265] [strategy_logger] [info] 检测到量价齐升 SH600519: 153.25 < 124.96
[2025-02-13 18:19:07.265] [strategy_logger] [error] 插入信号失败: CHECK constraint failed: signal_type IN ('GOLDEN_CROSS', 'DEATH_CROSS')
[2025-02-13 18:19:07.265] [strategy_logger] [info] 检测到量价齐升 SH600519: 154.75 < 126.11
[2025-02-13 18:19:07.266] [strategy_logger] [error] 插入信号失败: CHECK constraint failed: signal_type IN ('GOLDEN_CROSS', 'DEATH_CROSS')
[2025-02-13 18:19:07.266] [strategy_logger] [info] 检测到量价齐升 SH600519: 156.25 < 127.30
[2025-02-13 18:19:07.266] [strategy_logger] [error] 插入信号失败: CHECK constraint failed: signal_type IN ('GOLDEN_CROSS', 'DEATH_CROSS')
[2025-02-13 18:19:07.266] [strategy_logger] [info] 检测到量价齐升 SH600519: 157.75 < 128.53
[2025-02-13 18:19:07.266] [strategy_logger] [error] 插入信号失败: CHECK constraint failed: signal_type IN ('GOLDEN_CROSS', 'DEATH_CROSS')
[2025-02-13 18:19:07.266] [strategy_logger] [info] 检测到量价齐升 SH600519: 159.25 < 129.80
[2025-02-13 18:19:07.266] [strategy_logger] [error] 插入信号失败: CHECK constraint failed: signal_type IN ('GOLDEN_CROSS', 'DEATH_CROSS')
[2025-02-13 18:19:07.266] [strategy_logger] [info] 检测到量价齐升 SH600519: 160.75 < 131.11
[2025-02-13 18:19:07.266] [strategy_logger] [error] 插入信号失败: CHECK constraint failed: signal_type IN ('GOLDEN_CROSS', 'DEATH_CROSS')
[2025-02-13 18:19:07.266] [strategy_logger] [info] 检测到量价齐升 SH600519: 162.25 < 132.46
[2025-02-13 18:19:07.266] [strategy_logger] [error] 插入信号失败: CHECK constraint failed: signal_type IN ('GOLDEN_CROSS', 'DEATH_CROSS')
[2025-02-13 18:19:07.266] [strategy_logger] [info] 检测到量价齐升 SH600519: 163.75 < 133.85
[2025-02-13 18:19:07.266] [strategy_logger] [error] 插入信号失败: CHECK constraint failed: signal_type IN ('GOLDEN_CROSS', 'DEATH_CROSS')
[2025-02-13 18:19:07.266] [strategy_logger] [info] 检测到量价齐升 SH600519: 165.25 < 135.28
[2025-02-13 18:19:07.266] [strategy_logger] [error] 插入信号失败: CHECK constraint failed: signal_type IN ('GOLDEN_CROSS', 'DEATH_CROSS')
[2025-02-13 18:19:07.266] [strategy_logger] [info] 数据库连接已关闭
